---
source: src/view.rs
expression: render_with_duration(2)
---
                                                                                
                                                                                
                                                                                
                                                                                
                                                                                
                                                                                
                                                                                
                                                                                
                                                                                
kern  15  30  [60]  [tab] restart                                               
                                                                                
the quick brown                                                                 
                                                                                
                                                                                
                                                                                
[esc] quit
