---
source: src/view.rs
expression: output
---
                                                                                
                                                                                
                                                                                
                                                                                
                                                                                
                                                                                
                                                                                
                                                                                
                                                                                
ktype  time [words]   10  [25]  50  100   [←→] cycle  [tab] restart  [shift+tab]
                                                                                
the quick brown fox                                                             
                                                                                
                                                                                
                                                                                
[esc] quit
