---
source: src/view.rs
expression: render_with_duration(2)
---
                                                                                
                                                                                
                                                                                
                                                                                
                                                                                
                                                                                
                                                                                
                                                                                
                                                                                
ktype  [time] words   15  30  [60]   [←→] cycle  [tab] restart  [shift+tab] → wo
                                                                                
the quick brown                                                                 
                                                                                
                                                                                
                                                                                
[esc] quit
