---
source: src/view.rs
expression: output
---
                                                                                
                                                                                
                                                                                
                                                                                
                                                                                
                                                                                
                                                                                
                                                                                
             ╭────────────────────────────────────────────────────╮             
ktype  [time]│                 Custom word amount                 │art  [shift+t
             │                      42 words                      │             
the quick bro│╭──────────────────────────────────────────────────╮│             
             ││42_                                               ││             
             │╰──────────────────────────────────────────────────╯│             
             │            [enter] apply   [esc] cancel            │             
[esc] quit   ╰────────────────────────────────────────────────────╯
